go.keploy.io/server/v3/pkg/service/replay
# go.keploy.io/server/v3/pkg/service/replay
pkg\service\replay\replay.go:1398:10: no new variables on left side of :=
